Pipeline run started at Sat May  2 22:20:20 PDT 2026
Project root: /Users/elyekehat/Downloads/Fall 2025/Econ H191/Thesis
Python bin: /Users/elyekehat/Downloads/Fall 2025/Econ H191/Thesis/.venv/bin/python
Found Data/L_proxy/L_Proxy.tsv

============================================================
RUNNING: python Data/LP/Build_LP_Panel_S1_Tons.py --tons Data/Output/monthly_output_by_1000_tons_ports_and_terminals.tsv --out Data/LP
============================================================
[S1] Wrote Stage 1 tons artifacts to Data/LP

============================================================
RUNNING: python Data/LP/Build_LP_Panel_S2_TEU.py --teu Data/Output/teu_monthly_plus_quarterly_by_port.tsv --out Data/LP
============================================================
[S2] Wrote Stage 2 TEU artifacts to Data/LP

============================================================
RUNNING: python Data/LP/Build_LP_Panel_S3_LProxy.py --lproxy Data/L_proxy/L_Proxy.tsv --s2_term_quarter Data/LP/S2_terminal_quarter_teu.tsv --out Data/LP
============================================================
/Users/elyekehat/Downloads/Fall 2025/Econ H191/Thesis/Data/LP/Build_LP_Panel_S3_LProxy.py:153: FutureWarning: DataFrameGroupBy.apply operated on the grouping columns. This behavior is deprecated, and in a future version of pandas the grouping columns will be excluded from the operation. Either pass `include_groups=False` to exclude the groupings or explicitly select the grouping columns after groupby to silence this warning.
  pi_tbl = grp.apply(_collapse_pi).reset_index()
/Users/elyekehat/Downloads/Fall 2025/Econ H191/Thesis/Data/LP/Build_LP_Panel_S3_LProxy.py:218: FutureWarning: Downcasting object dtype arrays on .fillna, .ffill, .bfill is deprecated and will change in a future version. Call result.infer_objects(copy=False) instead. To opt-in to the future behavior, set `pd.set_option('future.no_silent_downcasting', True)`
  cov['has_pi'] = cov['has_pi'].fillna(False)
[S3] Wrote Stage 3 L_Proxy artifacts to Data/LP

============================================================
RUNNING: python Data/LP/Build_LP_Panel_S4.py --winsor_low 0.01 --winsor_high 0.99 --monthly_start 201801 --monthly_end 202108 --quarterly_start 2021Q3 --quarterly_end 2024Q4 --out Data/LP
============================================================
/Users/elyekehat/Downloads/Fall 2025/Econ H191/Thesis/Data/LP/Build_LP_Panel_S4.py:142: FutureWarning: DataFrameGroupBy.apply operated on the grouping columns. This behavior is deprecated, and in a future version of pandas the grouping columns will be excluded from the operation. Either pass `include_groups=False` to exclude the groupings or explicitly select the grouping columns after groupby to silence this warning.
  shares = m.groupby(['port','year','quarter'], group_keys=False).apply(_resolve)
[S4] Wrote LP series and QA to Data/LP

============================================================
RUNNING: python Data/LP/Build_LP_Panel_S5_Stack.py --out_dir Data/LP
============================================================
/Users/elyekehat/Downloads/Fall 2025/Econ H191/Thesis/Data/LP/Build_LP_Panel_S5_Stack.py:148: FutureWarning: The behavior of DataFrame concatenation with empty or all-NA entries is deprecated. In a future version, this will no longer exclude empty or all-NA columns when determining the result dtypes. To retain the old behavior, exclude the relevant entries before the concat operation.
  panel = pd.concat([hm, am, hlq, hsq, alq, ahq], ignore_index=True)[cols]
[S5] Wrote LP_Panel.tsv, S5_qa.tsv, S5_spans.tsv and _meta_s5.json to Data/LP

============================================================
RUNNING: python Data/K/interpolation_00_prepare_working_inputs_v8_hpc_operator_bridge_ready.py
============================================================
Done.
Wrote: Data/K/Interpolation Output/interpolation_00_prepared_anchors.tsv
Wrote: Data/K/Interpolation Output/interpolation_00_working_annual_pools.tsv
Wrote: Data/K/Interpolation Output/interpolation_00_working_dep_lookup.tsv
Wrote: Data/K/Interpolation Output/interpolation_00_working_service_entry_pools.tsv
Wrote: Data/K/Interpolation Output/interpolation_00_working_dated_events.tsv
Wrote: Data/K/Interpolation Output/interpolation_00_project_milestones.tsv
Wrote: Data/K/Interpolation Output/interpolation_00_sipg_cip_memo.tsv
Wrote: Data/K/Interpolation Output/interpolation_00_excluded_rows.tsv
Wrote: Data/K/Interpolation Output/interpolation_00_prepare_manifest.json

============================================================
RUNNING: python Data/K/interpolation_01_build_monthly_engine_v8_hpc_operator_linear_backloaded.py
============================================================
Done.
Wrote: Data/K/Interpolation Output/interpolation_01_monthly_class_investment_baseline.tsv
Wrote: Data/K/Interpolation Output/interpolation_01_monthly_class_investment.tsv
Wrote: Data/K/Interpolation Output/interpolation_01_monthly_class_capital.tsv
Wrote: Data/K/Interpolation Output/interpolation_01_monthly_entity_capital.tsv
Wrote: Data/K/Interpolation Output/interpolation_01_background_dep_rates.tsv
Wrote: Data/K/Interpolation Output/interpolation_01_dated_event_pool_netting.tsv
Wrote: Data/K/Interpolation Output/interpolation_01_initial_stock_backsolve.tsv
Wrote: Data/K/Interpolation Output/interpolation_01_bridge_adjustments.tsv
Wrote: Data/K/Interpolation Output/interpolation_01_year_end_reconciliation.tsv
Wrote: Data/K/Interpolation Output/interpolation_01_engine_debug_summary.tsv
Wrote: Data/K/Interpolation Output/interpolation_01_engine_manifest.json

============================================================
RUNNING: python Data/K/interpolation_02_finalize_outputs_and_qc_v9_hpc_operator_linear_backloaded.py
============================================================
Done.
Wrote: Data/K/Interpolation Output/interpolation_02_monthly_entity_series_long.tsv
Wrote: Data/K/Interpolation Output/interpolation_02_monthly_entity_series_wide.tsv
Wrote: Data/K/Interpolation Output/interpolation_02_monthly_hpc.tsv
Wrote: Data/K/Interpolation Output/interpolation_02_monthly_ipc.tsv
Wrote: Data/K/Interpolation Output/interpolation_02_monthly_sipg.tsv
Wrote: Data/K/Interpolation Output/interpolation_02_monthly_haifa_total.tsv
Wrote: Data/K/Interpolation Output/interpolation_02_qc_summary.tsv
Wrote: Data/K/Interpolation Output/interpolation_02_qc_annual_flow_detail.tsv
Wrote: Data/K/Interpolation Output/interpolation_02_qc_anchor_fit_detail.tsv
Wrote: Data/K/Interpolation Output/interpolation_02_plot_hpc.png
Wrote: Data/K/Interpolation Output/interpolation_02_plot_ipc.png
Wrote: Data/K/Interpolation Output/interpolation_02_plot_sipg.png
Wrote: Data/K/Interpolation Output/interpolation_02_plot_haifa_total.png
Wrote: Data/K/Interpolation Output/interpolation_02_plot_all_series.png
Wrote: Data/K/Interpolation Output/interpolation_02_build_manifest.json

============================================================
RUNNING: python Design/Code (new)/Build_KL_Panel.py
============================================================
=== Build_KL_Panel_v2 (Haifa) ===
THESIS_ROOT           : /Users/elyekehat/Downloads/Fall 2025/Econ H191/Thesis
Reading L_Proxy       : /Users/elyekehat/Downloads/Fall 2025/Econ H191/Thesis/Data/L_proxy/L_Proxy.tsv
Reading K HPC         : /Users/elyekehat/Downloads/Fall 2025/Econ H191/Thesis/Data/K/Interpolation Output/interpolation_02_monthly_hpc.tsv
Reading K IPC         : /Users/elyekehat/Downloads/Fall 2025/Econ H191/Thesis/Data/K/Interpolation Output/interpolation_02_monthly_ipc.tsv
Reading K SIPG        : /Users/elyekehat/Downloads/Fall 2025/Econ H191/Thesis/Data/K/Interpolation Output/interpolation_02_monthly_sipg.tsv
Reading K Haifa total : /Users/elyekehat/Downloads/Fall 2025/Econ H191/Thesis/Data/K/Interpolation Output/interpolation_02_monthly_haifa_total.tsv
Wrote KL panel with 987 rows and 13 series_ids to: /Users/elyekehat/Downloads/Fall 2025/Econ H191/Thesis/Data/KL/KL_Panel_monthly.tsv

============================================================
RUNNING: python Design/Code (new)/preprocess_LP_Panel.py
============================================================
Reading LP panel from: /Users/elyekehat/Downloads/Fall 2025/Econ H191/Thesis/Data/LP/LP_Panel.tsv
Monthly rows:   88
Quarterly rows: 56
Built base (year, month) -> month_index mapping for 44 months.
Last known month in base mapping: (2021, 8)
Created 168 monthly rows from 56 quarterly rows.
Final (year, month) -> month_index mapping now has 84 months.
Last month in mapping: (2024, 12)
Done. Wrote 256 rows to /Users/elyekehat/Downloads/Fall 2025/Econ H191/Thesis/Data/LP/LP_Panel_monthly.tsv

============================================================
RUNNING: python Design/Code (new)/Model_1A(v4).py
============================================================
/Users/elyekehat/Downloads/Fall 2025/Econ H191/Thesis/.venv/lib/python3.13/site-packages/statsmodels/regression/linear_model.py:1884: RuntimeWarning: invalid value encountered in sqrt
  return np.sqrt(np.diag(self.cov_params()))
/Users/elyekehat/Downloads/Fall 2025/Econ H191/Thesis/.venv/lib/python3.13/site-packages/statsmodels/regression/linear_model.py:1884: RuntimeWarning: invalid value encountered in sqrt
  return np.sqrt(np.diag(self.cov_params()))
/Users/elyekehat/Downloads/Fall 2025/Econ H191/Thesis/.venv/lib/python3.13/site-packages/statsmodels/regression/linear_model.py:1884: RuntimeWarning: invalid value encountered in sqrt
  return np.sqrt(np.diag(self.cov_params()))
/Users/elyekehat/Downloads/Fall 2025/Econ H191/Thesis/.venv/lib/python3.13/site-packages/statsmodels/regression/linear_model.py:1884: RuntimeWarning: invalid value encountered in sqrt
  return np.sqrt(np.diag(self.cov_params()))
/Users/elyekehat/Downloads/Fall 2025/Econ H191/Thesis/.venv/lib/python3.13/site-packages/statsmodels/regression/linear_model.py:1884: RuntimeWarning: invalid value encountered in sqrt
  return np.sqrt(np.diag(self.cov_params()))
Cleared 21 old Model 1A output files from: /Users/elyekehat/Downloads/Fall 2025/Econ H191/Thesis/Design/Output (new)/Model_1A
Reading monthly LP panel from: /Users/elyekehat/Downloads/Fall 2025/Econ H191/Thesis/Data/LP/LP_Panel_monthly.tsv
Loaded 256 rows from LP_Panel_monthly.tsv.
Built (year, month) -> month_index mapping for 84 months.

==================== DEBUG: NYT privatization ====================

--- target = Haifa-Legacy | target_key = haifa_legacy ---
Rows by series_id x treated:
      series_id  treated  n
   Ashdod_HCT_Q    False 21
Ashdod_Legacy_Q    False 21
 Haifa_Legacy_Q     True 21
   Haifa_SIPG_Q    False 21

Rows by unit_id x treated:
      unit_id  treated  n
   ashdod_hct    False 21
ashdod_legacy    False 21
haifa_bayport    False 21
 haifa_legacy     True 21

Mean log_LP by unit_id x post:
      unit_id  post  mean_log_LP
   ashdod_hct     0     3.008144
   ashdod_hct     1     3.363605
ashdod_legacy     0     3.231288
ashdod_legacy     1     3.586748
haifa_bayport     0     3.518387
haifa_bayport     1     3.879875
 haifa_legacy     0     3.603545
 haifa_legacy     1     3.965033

Mean log_LP by series_id x post:
      series_id  post  mean_log_LP
   Ashdod_HCT_Q     0     3.008144
   Ashdod_HCT_Q     1     3.363605
Ashdod_Legacy_Q     0     3.231288
Ashdod_Legacy_Q     1     3.586748
 Haifa_Legacy_Q     0     3.603545
 Haifa_Legacy_Q     1     3.965033
   Haifa_SIPG_Q     0     3.518387
   Haifa_SIPG_Q     1     3.879875


--- target = Haifa-Bayport | target_key = haifa_bayport_placebo ---
Rows by series_id x treated:
      series_id  treated  n
   Ashdod_HCT_Q    False 21
Ashdod_Legacy_Q    False 21
 Haifa_Legacy_Q    False 21
   Haifa_SIPG_Q     True 21

Rows by unit_id x treated:
      unit_id  treated  n
   ashdod_hct    False 21
ashdod_legacy    False 21
haifa_bayport     True 21
 haifa_legacy    False 21

Mean log_LP by unit_id x post:
      unit_id  post  mean_log_LP
   ashdod_hct     0     3.008144
   ashdod_hct     1     3.363605
ashdod_legacy     0     3.231288
ashdod_legacy     1     3.586748
haifa_bayport     0     3.518387
haifa_bayport     1     3.879875
 haifa_legacy     0     3.603545
 haifa_legacy     1     3.965033

Mean log_LP by series_id x post:
      series_id  post  mean_log_LP
   Ashdod_HCT_Q     0     3.008144
   Ashdod_HCT_Q     1     3.363605
Ashdod_Legacy_Q     0     3.231288
Ashdod_Legacy_Q     1     3.586748
 Haifa_Legacy_Q     0     3.603545
 Haifa_Legacy_Q     1     3.965033
   Haifa_SIPG_Q     0     3.518387
   Haifa_SIPG_Q     1     3.879875


Detected shock-control columns: ['covid_shock', 'war_shock']
Aggregate specs disabled by configuration. Aggregate hooks remain scaffolded in the code.

==================== NYT run ====================

=== [NYT] table=competition, reform=haifa_comp, target=Haifa-Legacy, spec=baseline ===
Sample size: 76 rows (38 treated, 38 controls).
[WARN] Saturated or near-saturated design detected (nobs=76, k_params=76). Retrying clustered SE without finite-sample correction.

=== [NYT] table=competition, reform=haifa_comp, target=Haifa-Legacy, spec=porttr ===
Sample size: 76 rows (38 treated, 38 controls).
[WARN] Saturated or near-saturated design detected (nobs=76, k_params=77). Retrying clustered SE without finite-sample correction.

=== [NYT] table=privatization, reform=haifa_priv, target=Haifa-Legacy, spec=baseline ===
Sample size: 84 rows (21 treated, 63 controls).

=== [NYT] table=privatization, reform=haifa_priv, target=Haifa-Legacy, spec=porttr ===
Sample size: 84 rows (21 treated, 63 controls).

=== [NYT] table=privatization, reform=haifa_priv, target=Haifa-Bayport, spec=baseline ===
Sample size: 84 rows (21 treated, 63 controls).

=== [NYT] table=privatization, reform=haifa_priv, target=Haifa-Bayport, spec=porttr ===
Sample size: 84 rows (21 treated, 63 controls).
Saved dynamic betas (NYT, spec=baseline) to: /Users/elyekehat/Downloads/Fall 2025/Econ H191/Thesis/Design/Output (new)/Model_1A/model1a_lp_dynamic_betas_baseline.tsv
Saved dynamic betas (NYT, spec=porttr) to: /Users/elyekehat/Downloads/Fall 2025/Econ H191/Thesis/Design/Output (new)/Model_1A/model1a_lp_dynamic_betas_porttr.tsv
Saved window betas (NYT, spec=baseline) to: /Users/elyekehat/Downloads/Fall 2025/Econ H191/Thesis/Design/Output (new)/Model_1A/model1a_lp_window_betas_baseline.tsv
Saved window betas (NYT, spec=porttr) to: /Users/elyekehat/Downloads/Fall 2025/Econ H191/Thesis/Design/Output (new)/Model_1A/model1a_lp_window_betas_porttr.tsv
Saved pretrend tests (NYT, spec=baseline) to: /Users/elyekehat/Downloads/Fall 2025/Econ H191/Thesis/Design/Output (new)/Model_1A/model1a_lp_pretrend_tests_baseline.tsv
Saved pretrend tests (NYT, spec=porttr) to: /Users/elyekehat/Downloads/Fall 2025/Econ H191/Thesis/Design/Output (new)/Model_1A/model1a_lp_pretrend_tests_porttr.tsv
Saved pooled dynamic betas (NYT) to: /Users/elyekehat/Downloads/Fall 2025/Econ H191/Thesis/Design/Output (new)/Model_1A/model1a_lp_dynamic_betas_all.tsv
Saved pooled window betas (NYT) to: /Users/elyekehat/Downloads/Fall 2025/Econ H191/Thesis/Design/Output (new)/Model_1A/model1a_lp_window_betas_all.tsv
Saved pooled pretrend tests (NYT) to: /Users/elyekehat/Downloads/Fall 2025/Econ H191/Thesis/Design/Output (new)/Model_1A/model1a_lp_pretrend_tests_all.tsv

==================== TWFE run ====================

=== [TWFE] table=competition, reform=haifa_comp, target=Haifa-Legacy, spec=baseline ===
Sample size: 128 rows (64 treated, 64 controls).
[WARN] Saturated or near-saturated design detected (nobs=128, k_params=128). Retrying clustered SE without finite-sample correction.

=== [TWFE] table=competition, reform=haifa_comp, target=Haifa-Legacy, spec=porttr ===
Sample size: 128 rows (64 treated, 64 controls).
[WARN] Saturated or near-saturated design detected (nobs=128, k_params=129). Retrying clustered SE without finite-sample correction.

=== [TWFE] table=competition, reform=ashdod_comp, target=Ashdod-Legacy, spec=baseline ===
Sample size: 86 rows (36 treated, 50 controls).
[WARN] Saturated or near-saturated design detected (nobs=86, k_params=87). Retrying clustered SE without finite-sample correction.

=== [TWFE] table=competition, reform=ashdod_comp, target=Ashdod-Legacy, spec=porttr ===
Sample size: 86 rows (36 treated, 50 controls).
[WARN] Saturated or near-saturated design detected (nobs=86, k_params=88). Retrying clustered SE without finite-sample correction.

=== [TWFE] table=privatization, reform=haifa_priv, target=Haifa-Legacy, spec=baseline ===
Sample size: 144 rows (36 treated, 108 controls).

=== [TWFE] table=privatization, reform=haifa_priv, target=Haifa-Legacy, spec=porttr ===
Sample size: 144 rows (36 treated, 108 controls).

=== [TWFE] table=privatization, reform=haifa_priv, target=Haifa-Bayport, spec=baseline ===
Sample size: 144 rows (36 treated, 108 controls).

=== [TWFE] table=privatization, reform=haifa_priv, target=Haifa-Bayport, spec=porttr ===
Sample size: 144 rows (36 treated, 108 controls).
Saved dynamic betas (TWFE, spec=baseline) to: /Users/elyekehat/Downloads/Fall 2025/Econ H191/Thesis/Design/Output (new)/Model_1A/model1a_lp_dynamic_betas_baseline_twfe.tsv
Saved dynamic betas (TWFE, spec=porttr) to: /Users/elyekehat/Downloads/Fall 2025/Econ H191/Thesis/Design/Output (new)/Model_1A/model1a_lp_dynamic_betas_porttr_twfe.tsv
Saved window betas (TWFE, spec=baseline) to: /Users/elyekehat/Downloads/Fall 2025/Econ H191/Thesis/Design/Output (new)/Model_1A/model1a_lp_window_betas_baseline_twfe.tsv
Saved window betas (TWFE, spec=porttr) to: /Users/elyekehat/Downloads/Fall 2025/Econ H191/Thesis/Design/Output (new)/Model_1A/model1a_lp_window_betas_porttr_twfe.tsv
Saved pretrend tests (TWFE, spec=baseline) to: /Users/elyekehat/Downloads/Fall 2025/Econ H191/Thesis/Design/Output (new)/Model_1A/model1a_lp_pretrend_tests_baseline_twfe.tsv
Saved pretrend tests (TWFE, spec=porttr) to: /Users/elyekehat/Downloads/Fall 2025/Econ H191/Thesis/Design/Output (new)/Model_1A/model1a_lp_pretrend_tests_porttr_twfe.tsv
Saved static betas (TWFE, spec=baseline) to: /Users/elyekehat/Downloads/Fall 2025/Econ H191/Thesis/Design/Output (new)/Model_1A/model1a_lp_static_betas_baseline_twfe.tsv
Saved static betas (TWFE, spec=porttr) to: /Users/elyekehat/Downloads/Fall 2025/Econ H191/Thesis/Design/Output (new)/Model_1A/model1a_lp_static_betas_porttr_twfe.tsv
Saved pooled dynamic betas (TWFE) to: /Users/elyekehat/Downloads/Fall 2025/Econ H191/Thesis/Design/Output (new)/Model_1A/model1a_lp_dynamic_betas_all_twfe.tsv
Saved pooled window betas (TWFE) to: /Users/elyekehat/Downloads/Fall 2025/Econ H191/Thesis/Design/Output (new)/Model_1A/model1a_lp_window_betas_all_twfe.tsv
Saved pooled pretrend tests (TWFE) to: /Users/elyekehat/Downloads/Fall 2025/Econ H191/Thesis/Design/Output (new)/Model_1A/model1a_lp_pretrend_tests_all_twfe.tsv
Saved pooled static betas (TWFE) to: /Users/elyekehat/Downloads/Fall 2025/Econ H191/Thesis/Design/Output (new)/Model_1A/model1a_lp_static_betas_all_twfe.tsv

============================================================
RUNNING: python Design/Code (new)/Model_1A_to_tables(v4).py
============================================================
=== Model_1A_to_tables(v4): starting ===
THESIS_ROOT: /Users/elyekehat/Downloads/Fall 2025/Econ H191/Thesis
Model 1A output dir: /Users/elyekehat/Downloads/Fall 2025/Econ H191/Thesis/Design/Output (new)/Model_1A
Tables output dir: /Users/elyekehat/Downloads/Fall 2025/Econ H191/Thesis/Design/Output (new)/Model_1A/Tables
Saved main long-form table helper to: /Users/elyekehat/Downloads/Fall 2025/Econ H191/Thesis/Design/Output (new)/Model_1A/Tables/model1a_lp_table_cells_v4.tsv
Saved wide panel helper to: /Users/elyekehat/Downloads/Fall 2025/Econ H191/Thesis/Design/Output (new)/Model_1A/Tables/model1a_competition_panelA_v4.tsv
Saved wide panel helper to: /Users/elyekehat/Downloads/Fall 2025/Econ H191/Thesis/Design/Output (new)/Model_1A/Tables/model1a_competition_panelB_v4.tsv
Saved wide panel helper to: /Users/elyekehat/Downloads/Fall 2025/Econ H191/Thesis/Design/Output (new)/Model_1A/Tables/model1a_privatization_panelA_v4.tsv
Saved wide panel helper to: /Users/elyekehat/Downloads/Fall 2025/Econ H191/Thesis/Design/Output (new)/Model_1A/Tables/model1a_privatization_panelB_v4.tsv
Saved dynamic appendix helper to: /Users/elyekehat/Downloads/Fall 2025/Econ H191/Thesis/Design/Output (new)/Model_1A/Tables/model1a_lp_dynamic_for_appendix_v4.tsv
Saved pretrend appendix helper to: /Users/elyekehat/Downloads/Fall 2025/Econ H191/Thesis/Design/Output (new)/Model_1A/Tables/model1a_lp_pretrend_for_appendix_v4.tsv

Summary:
  Main table cells: 76
  Competition Panel A cells: 20
  Competition Panel B cells: 12
  Privatization Panel A cells: 20
  Privatization Panel B cells: 24
  Dynamic appendix rows: 492
  Pretrend appendix rows: 12
Table helper files written to: /Users/elyekehat/Downloads/Fall 2025/Econ H191/Thesis/Design/Output (new)/Model_1A/Tables
=== Model_1A_to_tables(v4): done ===

============================================================
RUNNING: python Design/Code (new)/Plot_Model_1A_event_study(v4).py
============================================================
[OK] Saved: /Users/elyekehat/Downloads/Fall 2025/Econ H191/Thesis/Design/Output (new)/Model_1A/Figures/v4/model1a_lp_eventstudy_competition_nyt_porttr_v4.png
[OK] Saved: /Users/elyekehat/Downloads/Fall 2025/Econ H191/Thesis/Design/Output (new)/Model_1A/Figures/v4/model1a_lp_eventstudy_competition_twfe_porttr_v4.png
[OK] Saved: /Users/elyekehat/Downloads/Fall 2025/Econ H191/Thesis/Design/Output (new)/Model_1A/Figures/v4/model1a_lp_eventstudy_privatization_nyt_porttr_v4.png
[OK] Saved: /Users/elyekehat/Downloads/Fall 2025/Econ H191/Thesis/Design/Output (new)/Model_1A/Figures/v4/model1a_lp_eventstudy_privatization_twfe_porttr_v4.png

Done. Figures written to: /Users/elyekehat/Downloads/Fall 2025/Econ H191/Thesis/Design/Output (new)/Model_1A/Figures/v4

============================================================
RUNNING: python Design/Code (new)/Model_1B(v4)_fixed2.py
============================================================
/Users/elyekehat/Downloads/Fall 2025/Econ H191/Thesis/.venv/lib/python3.13/site-packages/statsmodels/regression/linear_model.py:1992: RuntimeWarning: divide by zero encountered in scalar divide
  self.het_scale = self.nobs/(self.df_resid)*(self.wresid**2)
/Users/elyekehat/Downloads/Fall 2025/Econ H191/Thesis/.venv/lib/python3.13/site-packages/statsmodels/regression/linear_model.py:1992: RuntimeWarning: invalid value encountered in multiply
  self.het_scale = self.nobs/(self.df_resid)*(self.wresid**2)
/Users/elyekehat/Downloads/Fall 2025/Econ H191/Thesis/.venv/lib/python3.13/site-packages/statsmodels/regression/linear_model.py:1992: RuntimeWarning: divide by zero encountered in scalar divide
  self.het_scale = self.nobs/(self.df_resid)*(self.wresid**2)
/Users/elyekehat/Downloads/Fall 2025/Econ H191/Thesis/.venv/lib/python3.13/site-packages/statsmodels/regression/linear_model.py:1992: RuntimeWarning: invalid value encountered in multiply
  self.het_scale = self.nobs/(self.df_resid)*(self.wresid**2)
/Users/elyekehat/Downloads/Fall 2025/Econ H191/Thesis/.venv/lib/python3.13/site-packages/statsmodels/regression/linear_model.py:1992: RuntimeWarning: divide by zero encountered in scalar divide
  self.het_scale = self.nobs/(self.df_resid)*(self.wresid**2)
/Users/elyekehat/Downloads/Fall 2025/Econ H191/Thesis/.venv/lib/python3.13/site-packages/statsmodels/regression/linear_model.py:1992: RuntimeWarning: invalid value encountered in multiply
  self.het_scale = self.nobs/(self.df_resid)*(self.wresid**2)
/Users/elyekehat/Downloads/Fall 2025/Econ H191/Thesis/.venv/lib/python3.13/site-packages/statsmodels/regression/linear_model.py:1992: RuntimeWarning: divide by zero encountered in scalar divide
  self.het_scale = self.nobs/(self.df_resid)*(self.wresid**2)
/Users/elyekehat/Downloads/Fall 2025/Econ H191/Thesis/Design/Code (new)/Model_1B(v4)_fixed2.py:903: RuntimeWarning: invalid value encountered in dot
  var_w = float(np.dot(w.values, np.dot(cov.values, w.values)))
Cleared 14 old Model 1B output files from: /Users/elyekehat/Downloads/Fall 2025/Econ H191/Thesis/Design/Output (new)/Model_1B
Reading monthly KL panel from: /Users/elyekehat/Downloads/Fall 2025/Econ H191/Thesis/Data/KL/KL_Panel_monthly.tsv
Loaded 987 rows from KL_Panel_monthly.tsv.
Built (year, month) -> month_index mapping for 84 months.
Detected shock-control columns: ['covid_shock', 'war_shock']
Aggregate specs disabled by configuration. Aggregate hooks remain scaffolded in the code.

==================== NYT run ====================
[INFO] Skipping NYT Haifa-competition K/L spec because the current KL panel does not contain the full Ashdod control path.

=== [NYT] table=privatization, reform=haifa_priv, target=Haifa-Legacy, spec=baseline ===
Sample size: 42 rows (21 treated, 21 controls).

=== [NYT] table=privatization, reform=haifa_priv, target=Haifa-Bayport, spec=baseline ===
Sample size: 42 rows (21 treated, 21 controls).
Saved dynamic betas (NYT, spec=baseline) to: /Users/elyekehat/Downloads/Fall 2025/Econ H191/Thesis/Design/Output (new)/Model_1B/model1b_kl_dynamic_betas_baseline.tsv
Saved window betas (NYT, spec=baseline) to: /Users/elyekehat/Downloads/Fall 2025/Econ H191/Thesis/Design/Output (new)/Model_1B/model1b_kl_window_betas_baseline.tsv
Saved pretrend tests (NYT, spec=baseline) to: /Users/elyekehat/Downloads/Fall 2025/Econ H191/Thesis/Design/Output (new)/Model_1B/model1b_kl_pretrend_tests_baseline.tsv
Saved pooled dynamic betas (NYT) to: /Users/elyekehat/Downloads/Fall 2025/Econ H191/Thesis/Design/Output (new)/Model_1B/model1b_kl_dynamic_betas_all.tsv
Saved pooled window betas (NYT) to: /Users/elyekehat/Downloads/Fall 2025/Econ H191/Thesis/Design/Output (new)/Model_1B/model1b_kl_window_betas_all.tsv
Saved pooled pretrend tests (NYT) to: /Users/elyekehat/Downloads/Fall 2025/Econ H191/Thesis/Design/Output (new)/Model_1B/model1b_kl_pretrend_tests_all.tsv

==================== TWFE run ====================
[INFO] Skipping TWFE Haifa-competition K/L spec because the current KL panel does not contain the full Ashdod control path.
[INFO] Skipping TWFE Ashdod-competition K/L spec because the current KL panel does not contain the Ashdod K/L series.

=== [TWFE] table=privatization, reform=haifa_priv, target=Haifa-Legacy, spec=baseline ===
Sample size: 72 rows (36 treated, 36 controls).

=== [TWFE] table=privatization, reform=haifa_priv, target=Haifa-Bayport, spec=baseline ===
Sample size: 72 rows (36 treated, 36 controls).
Saved dynamic betas (TWFE, spec=baseline) to: /Users/elyekehat/Downloads/Fall 2025/Econ H191/Thesis/Design/Output (new)/Model_1B/model1b_kl_dynamic_betas_baseline_twfe.tsv
Saved window betas (TWFE, spec=baseline) to: /Users/elyekehat/Downloads/Fall 2025/Econ H191/Thesis/Design/Output (new)/Model_1B/model1b_kl_window_betas_baseline_twfe.tsv
Saved pretrend tests (TWFE, spec=baseline) to: /Users/elyekehat/Downloads/Fall 2025/Econ H191/Thesis/Design/Output (new)/Model_1B/model1b_kl_pretrend_tests_baseline_twfe.tsv
Saved static betas (TWFE, spec=baseline) to: /Users/elyekehat/Downloads/Fall 2025/Econ H191/Thesis/Design/Output (new)/Model_1B/model1b_kl_static_betas_baseline_twfe.tsv
Saved pooled dynamic betas (TWFE) to: /Users/elyekehat/Downloads/Fall 2025/Econ H191/Thesis/Design/Output (new)/Model_1B/model1b_kl_dynamic_betas_all_twfe.tsv
Saved pooled window betas (TWFE) to: /Users/elyekehat/Downloads/Fall 2025/Econ H191/Thesis/Design/Output (new)/Model_1B/model1b_kl_window_betas_all_twfe.tsv
Saved pooled pretrend tests (TWFE) to: /Users/elyekehat/Downloads/Fall 2025/Econ H191/Thesis/Design/Output (new)/Model_1B/model1b_kl_pretrend_tests_all_twfe.tsv
Saved pooled static betas (TWFE) to: /Users/elyekehat/Downloads/Fall 2025/Econ H191/Thesis/Design/Output (new)/Model_1B/model1b_kl_static_betas_all_twfe.tsv

============================================================
RUNNING: python Design/Code (new)/Model_1B_relaxed(v4)_fixed.py
============================================================
Cleared 14 old relaxed Model 1B output files from: /Users/elyekehat/Downloads/Fall 2025/Econ H191/Thesis/Design/Output (new)/Model_1B_relaxed
Reading monthly KL panel from: /Users/elyekehat/Downloads/Fall 2025/Econ H191/Thesis/Data/KL/KL_Panel_monthly.tsv
Loaded 987 rows from KL_Panel_monthly.tsv.
Built (year, month) -> month_index mapping for 84 months.

==================== RELAXED NYT run ====================
[INFO] Skipping NYT Haifa-competition K/L spec because the current KL panel does not contain the full Ashdod control path.

=== [RELAXED NYT] table=privatization, reform=haifa_priv, target=Haifa-Legacy, spec=relaxed_tr ===
Sample size: 42 rows (21 treated, 21 controls).

=== [RELAXED NYT] table=privatization, reform=haifa_priv, target=Haifa-Bayport, spec=relaxed_tr ===
Sample size: 42 rows (21 treated, 21 controls).
Saved dynamic betas (NYT, spec=relaxed_tr) to: /Users/elyekehat/Downloads/Fall 2025/Econ H191/Thesis/Design/Output (new)/Model_1B_relaxed/model1b_kl_dynamic_betas_relaxed_tr_relaxed.tsv
Saved window betas (NYT, spec=relaxed_tr) to: /Users/elyekehat/Downloads/Fall 2025/Econ H191/Thesis/Design/Output (new)/Model_1B_relaxed/model1b_kl_window_betas_relaxed_tr_relaxed.tsv
Saved pretrend tests (NYT, spec=relaxed_tr) to: /Users/elyekehat/Downloads/Fall 2025/Econ H191/Thesis/Design/Output (new)/Model_1B_relaxed/model1b_kl_pretrend_tests_relaxed_tr_relaxed.tsv

==================== RELAXED TWFE run ====================
[INFO] Skipping TWFE Haifa-competition K/L spec because the current KL panel does not contain the full Ashdod control path.
[INFO] Skipping TWFE Ashdod-competition K/L spec because the current KL panel does not contain the Ashdod K/L series.

=== [RELAXED TWFE] table=privatization, reform=haifa_priv, target=Haifa-Legacy, spec=relaxed_tr ===
Sample size: 72 rows (36 treated, 36 controls).

=== [RELAXED TWFE] table=privatization, reform=haifa_priv, target=Haifa-Bayport, spec=relaxed_tr ===
Sample size: 72 rows (36 treated, 36 controls).
Saved dynamic betas (TWFE, spec=relaxed_tr) to: /Users/elyekehat/Downloads/Fall 2025/Econ H191/Thesis/Design/Output (new)/Model_1B_relaxed/model1b_kl_dynamic_betas_relaxed_tr_relaxed_twfe.tsv
Saved window betas (TWFE, spec=relaxed_tr) to: /Users/elyekehat/Downloads/Fall 2025/Econ H191/Thesis/Design/Output (new)/Model_1B_relaxed/model1b_kl_window_betas_relaxed_tr_relaxed_twfe.tsv
Saved pretrend tests (TWFE, spec=relaxed_tr) to: /Users/elyekehat/Downloads/Fall 2025/Econ H191/Thesis/Design/Output (new)/Model_1B_relaxed/model1b_kl_pretrend_tests_relaxed_tr_relaxed_twfe.tsv
Saved static betas (TWFE, spec=relaxed_tr) to: /Users/elyekehat/Downloads/Fall 2025/Econ H191/Thesis/Design/Output (new)/Model_1B_relaxed/model1b_kl_static_betas_relaxed_tr_relaxed_twfe.tsv

============================================================
RUNNING: python Design/Code (new)/Model_1B_to_tables(v4)_fixed2.py
============================================================
=== Model_1B_to_tables(v4): starting ===
THESIS_ROOT: /Users/elyekehat/Downloads/Fall 2025/Econ H191/Thesis
Baseline output dir: /Users/elyekehat/Downloads/Fall 2025/Econ H191/Thesis/Design/Output (new)/Model_1B
Relaxed output dir: /Users/elyekehat/Downloads/Fall 2025/Econ H191/Thesis/Design/Output (new)/Model_1B_relaxed
Tables output dir: /Users/elyekehat/Downloads/Fall 2025/Econ H191/Thesis/Design/Output (new)/Model_1B/Tables
Saved main long-form table helper to: /Users/elyekehat/Downloads/Fall 2025/Econ H191/Thesis/Design/Output (new)/Model_1B/Tables/model1b_kl_table_cells_v4.tsv
Saved dynamic appendix helper to: /Users/elyekehat/Downloads/Fall 2025/Econ H191/Thesis/Design/Output (new)/Model_1B/Tables/model1b_kl_dynamic_for_appendix_v4.tsv
Saved pretrend appendix helper to: /Users/elyekehat/Downloads/Fall 2025/Econ H191/Thesis/Design/Output (new)/Model_1B/Tables/model1b_kl_pretrend_for_appendix_v4.tsv

Summary:
  Main table cells: 44
  Competition Panel A cells: 0
  Competition Panel B cells: 0
  Privatization Panel A cells: 20
  Privatization Panel B cells: 24
  Dynamic appendix rows: 220
  Pretrend appendix rows: 8
=== Model_1B_to_tables(v4): done ===

============================================================
RUNNING: python Design/Code (new)/Plot_Model_1B_event_study(v5).py
============================================================
=== Plot_Model_1B_event_study(v5) ===
THESIS_ROOT: /Users/elyekehat/Downloads/Fall 2025/Econ H191/Thesis
K/L panel  : /Users/elyekehat/Downloads/Fall 2025/Econ H191/Thesis/Data/KL/KL_Panel_monthly.tsv
Figures    : /Users/elyekehat/Downloads/Fall 2025/Econ H191/Thesis/Design/Output (new)/Model_1B/Figures/v5
Tables     : /Users/elyekehat/Downloads/Fall 2025/Econ H191/Thesis/Design/Output (new)/Model_1B/Tables/v5
[OK] Saved: /Users/elyekehat/Downloads/Fall 2025/Econ H191/Thesis/Design/Output (new)/Model_1B/Figures/v5/model1b_raw_log_kl_paths_v5.png
[SKIP] No valid normalized gap observations in requested event-time range.
[OK] Saved: /Users/elyekehat/Downloads/Fall 2025/Econ H191/Thesis/Design/Output (new)/Model_1B/Figures/v5/model1b_eventstudy_legacy_contrast_nyt_baseline_v5.png
[OK] Saved: /Users/elyekehat/Downloads/Fall 2025/Econ H191/Thesis/Design/Output (new)/Model_1B/Figures/v5/model1b_mirror_diagnostic_nyt_baseline_v5.png
[OK] Saved: /Users/elyekehat/Downloads/Fall 2025/Econ H191/Thesis/Design/Output (new)/Model_1B/Figures/v5/model1b_eventstudy_legacy_contrast_twfe_baseline_v5.png
[OK] Saved: /Users/elyekehat/Downloads/Fall 2025/Econ H191/Thesis/Design/Output (new)/Model_1B/Figures/v5/model1b_mirror_diagnostic_twfe_baseline_v5.png
[OK] Saved: /Users/elyekehat/Downloads/Fall 2025/Econ H191/Thesis/Design/Output (new)/Model_1B/Figures/v5/model1b_eventstudy_legacy_contrast_nyt_relaxed_tr_v5.png
[OK] Saved: /Users/elyekehat/Downloads/Fall 2025/Econ H191/Thesis/Design/Output (new)/Model_1B/Figures/v5/model1b_mirror_diagnostic_nyt_relaxed_tr_v5.png
[OK] Saved: /Users/elyekehat/Downloads/Fall 2025/Econ H191/Thesis/Design/Output (new)/Model_1B/Figures/v5/model1b_eventstudy_legacy_contrast_twfe_relaxed_tr_v5.png
[OK] Saved: /Users/elyekehat/Downloads/Fall 2025/Econ H191/Thesis/Design/Output (new)/Model_1B/Figures/v5/model1b_mirror_diagnostic_twfe_relaxed_tr_v5.png
[OK] Saved: /Users/elyekehat/Downloads/Fall 2025/Econ H191/Thesis/Design/Output (new)/Model_1B/Tables/v5/model1b_static_did_combined_v5.tsv
[OK] Saved: /Users/elyekehat/Downloads/Fall 2025/Econ H191/Thesis/Design/Output (new)/Model_1B/Tables/v5/model1b_window_estimates_combined_v5.tsv
[OK] Saved: /Users/elyekehat/Downloads/Fall 2025/Econ H191/Thesis/Design/Output (new)/Model_1B/Tables/v5/model1b_pretrend_tests_combined_v5.tsv
[OK] Saved: /Users/elyekehat/Downloads/Fall 2025/Econ H191/Thesis/Design/Output (new)/Model_1B/Tables/v5/model1b_compact_window_diagnostics_v5.tsv

Done.
Figures written to: /Users/elyekehat/Downloads/Fall 2025/Econ H191/Thesis/Design/Output (new)/Model_1B/Figures/v5
Tables written to : /Users/elyekehat/Downloads/Fall 2025/Econ H191/Thesis/Design/Output (new)/Model_1B/Tables/v5

============================================================
RUNNING: python Design/Code (new)/Model_2_step1_build_panels.py
============================================================
Traceback (most recent call last):
  File "/Users/elyekehat/Downloads/Fall 2025/Econ H191/Thesis/Design/Code (new)/Model_2_step1_build_panels.py", line 471, in <module>
    main()
    ~~~~^^
  File "/Users/elyekehat/Downloads/Fall 2025/Econ H191/Thesis/Design/Code (new)/Model_2_step1_build_panels.py", line 467, in main
    build_panels(args.lp, args.kl, args.outdir)
    ~~~~~~~~~~~~^^^^^^^^^^^^^^^^^^^^^^^^^^^^^^^
  File "/Users/elyekehat/Downloads/Fall 2025/Econ H191/Thesis/Design/Code (new)/Model_2_step1_build_panels.py", line 353, in build_panels
    raise ValueError(f"K/L panel has duplicate merge keys. See {sample_path}")
ValueError: K/L panel has duplicate merge keys. See /Users/elyekehat/Downloads/Fall 2025/Econ H191/Thesis/Design/Output (new)/Model_2/Inputs/model2_kl_duplicate_key_sample.tsv
